{
  "values": [
    {
      "text": "Todo1",
      "done": false
    },
    {
      "text": "Hello1",
      "done": false
    },
    {
      "text": "Good1",
      "done": false
    }
  ]
}
