{ "id": 0, "text": "Todoを登録できるようにする", "done": true }
