{
  "values": [
    { "id": 1, "text": "Todoを登録できるようにする", "done": false }
  ]
}
