{ "id": 1, "text": "Todoを更新できるようにする", "done": false }
